// Jest Snapshot v1, https://goo.gl/fbAQLP

exports[`Background should render with required props 1`] = `
<View
  accessibilityIgnoresInvertColors={true}
  style={
    Array [
      Object {
        "width": 750,
      },
      Object {
        "height": 100,
      },
    ]
  }
>
  <Image
    source={
      Object {
        "testUri": "../../../src/assets/images/background.png",
      }
    }
    style={
      Array [
        Object {
          "bottom": 0,
          "left": 0,
          "position": "absolute",
          "right": 0,
          "top": 0,
        },
        Object {
          "height": undefined,
          "width": undefined,
        },
        undefined,
      ]
    }
  />
</View>
`;
